Copyright 1986-2022 Xilinx, Inc. All Rights Reserved. Copyright 2022-2025 Advanced Micro Devices, Inc. All Rights Reserved.
---------------------------------------------------------------------------------------------------------------------------------------------
| Tool Version : Vivado v.2025.2 (win64) Build 6299465 Fri Nov 14 19:35:11 GMT 2025
| Date         : Mon Feb  9 02:23:27 2026
| Host         : DESKTOP-04PMP17 running 64-bit major release  (build 9200)
| Command      : report_timing_summary -delay_type min_max -file C:/Temp/aegis_build/reports/timing_summary.rpt
| Design       : artix7_top_v14
| Device       : 7a100t-csg324
| Speed File   : -1  PRODUCTION 1.23 2018-06-13
| Design State : Synthesized
---------------------------------------------------------------------------------------------------------------------------------------------

Timing Summary Report

------------------------------------------------------------------------------------------------
| Timer Settings
| --------------
------------------------------------------------------------------------------------------------

  Enable Multi Corner Analysis               :  Yes
  Enable Pessimism Removal                   :  Yes
  Pessimism Removal Resolution               :  Nearest Common Node
  Enable Input Delay Default Clock           :  No
  Enable Preset / Clear Arcs                 :  No
  Disable Flight Delays                      :  No
  Ignore I/O Paths                           :  No
  Timing Early Launch at Borrowing Latches   :  No
  Borrow Time for Max Delay Exceptions       :  Yes
  Merge Timing Exceptions                    :  Yes
  Inter-SLR Compensation                     :  Conservative

  Corner  Analyze    Analyze    
  Name    Max Paths  Min Paths  
  ------  ---------  ---------  
  Slow    Yes        Yes        
  Fast    Yes        Yes        


------------------------------------------------------------------------------------------------
| Report Methodology
| ------------------
------------------------------------------------------------------------------------------------

No report available as report_methodology has not been run prior. Run report_methodology on the current design for the summary of methodology violations.



check_timing report

Table of Contents
-----------------
1. checking no_clock (0)
2. checking constant_clock (0)
3. checking pulse_width_clock (0)
4. checking unconstrained_internal_endpoints (0)
5. checking no_input_delay (10)
6. checking no_output_delay (6)
7. checking multiple_clock (0)
8. checking generated_clocks (0)
9. checking loops (3)
10. checking partial_input_delay (0)
11. checking partial_output_delay (0)
12. checking latch_loops (0)

1. checking no_clock (0)
------------------------
 There are 0 register/latch pins with no clock.


2. checking constant_clock (0)
------------------------------
 There are 0 register/latch pins with constant_clock.


3. checking pulse_width_clock (0)
---------------------------------
 There are 0 register/latch pins which need pulse_width check


4. checking unconstrained_internal_endpoints (0)
------------------------------------------------
 There are 0 pins that are not constrained for maximum delay.

 There are 0 pins that are not constrained for maximum delay due to constant clock.


5. checking no_input_delay (10)
-------------------------------
 There are 2 input ports with no input delay specified. (HIGH)

 There are 8 input ports with no input delay but user has a false path constraint. (MEDIUM)


6. checking no_output_delay (6)
-------------------------------
 There are 6 ports with no output delay specified. (HIGH)

 There are 0 ports with no output delay but user has a false path constraint

 There are 0 ports with no output delay but with a timing clock defined on it or propagating through it


7. checking multiple_clock (0)
------------------------------
 There are 0 register/latch pins with multiple clocks.


8. checking generated_clocks (0)
--------------------------------
 There are 0 generated clocks that are not connected to a clock source.


9. checking loops (3)
---------------------
 There are 3 combinational loops in the design. (HIGH)


10. checking partial_input_delay (0)
------------------------------------
 There are 0 input ports with partial input delay specified.


11. checking partial_output_delay (0)
-------------------------------------
 There are 0 ports with partial output delay specified.


12. checking latch_loops (0)
----------------------------
 There are 0 combinational latch loops in the design through latch input



------------------------------------------------------------------------------------------------
| Design Timing Summary
| ---------------------
------------------------------------------------------------------------------------------------

    WNS(ns)      TNS(ns)  TNS Failing Endpoints  TNS Total Endpoints      WHS(ns)      THS(ns)  THS Failing Endpoints  THS Total Endpoints     WPWS(ns)     TPWS(ns)  TPWS Failing Endpoints  TPWS Total Endpoints  
    -------      -------  ---------------------  -------------------      -------      -------  ---------------------  -------------------     --------     --------  ----------------------  --------------------  
      7.227        0.000                      0                10985        0.045        0.000                      0                10985        7.000        0.000                       0                  3974  


All user specified timing constraints are met.


------------------------------------------------------------------------------------------------
| Clock Summary
| -------------
------------------------------------------------------------------------------------------------

Clock            Waveform(ns)       Period(ns)      Frequency(MHz)
-----            ------------       ----------      --------------
ext_clk          {0.000 10.000}     20.000          50.000          
  clkfb_out      {0.000 10.000}     20.000          50.000          
  sys_clk_raw    {0.000 10.000}     20.000          50.000          
    clkfb_int    {0.000 10.000}     20.000          50.000          
    clkout0_int  {0.000 10.000}     20.000          50.000          
    clkout1_int  {0.000 10.000}     20.000          50.000          


------------------------------------------------------------------------------------------------
| Intra Clock Table
| -----------------
------------------------------------------------------------------------------------------------

Clock                WNS(ns)      TNS(ns)  TNS Failing Endpoints  TNS Total Endpoints      WHS(ns)      THS(ns)  THS Failing Endpoints  THS Total Endpoints     WPWS(ns)     TPWS(ns)  TPWS Failing Endpoints  TPWS Total Endpoints  
-----                -------      -------  ---------------------  -------------------      -------      -------  ---------------------  -------------------     --------     --------  ----------------------  --------------------  
ext_clk                                                                                                                                                            7.000        0.000                       0                     1  
  clkfb_out                                                                                                                                                       17.845        0.000                       0                     3  
  sys_clk_raw          7.227        0.000                      0                 7805        0.045        0.000                      0                 7805        7.000        0.000                       0                  3963  
    clkfb_int                                                                                                                                                     17.845        0.000                       0                     3  
    clkout0_int                                                                                                                                                   17.845        0.000                       0                     2  
    clkout1_int                                                                                                                                                   17.845        0.000                       0                     2  


------------------------------------------------------------------------------------------------
| Inter Clock Table
| -----------------
------------------------------------------------------------------------------------------------

From Clock    To Clock          WNS(ns)      TNS(ns)  TNS Failing Endpoints  TNS Total Endpoints      WHS(ns)      THS(ns)  THS Failing Endpoints  THS Total Endpoints  
----------    --------          -------      -------  ---------------------  -------------------      -------      -------  ---------------------  -------------------  


------------------------------------------------------------------------------------------------
| Other Path Groups Table
| -----------------------
------------------------------------------------------------------------------------------------

Path Group         From Clock         To Clock               WNS(ns)      TNS(ns)  TNS Failing Endpoints  TNS Total Endpoints      WHS(ns)      THS(ns)  THS Failing Endpoints  THS Total Endpoints  
----------         ----------         --------               -------      -------  ---------------------  -------------------      -------      -------  ---------------------  -------------------  
**async_default**  sys_clk_raw        sys_clk_raw             15.898        0.000                      0                 3180        0.347        0.000                      0                 3180  


------------------------------------------------------------------------------------------------
| Timing Details
| --------------
------------------------------------------------------------------------------------------------


---------------------------------------------------------------------------------------------------
From Clock:  ext_clk
  To Clock:  ext_clk

Setup :           NA  Failing Endpoints,  Worst Slack           NA  ,  Total Violation           NA
Hold  :           NA  Failing Endpoints,  Worst Slack           NA  ,  Total Violation           NA
PW    :            0  Failing Endpoints,  Worst Slack        7.000ns,  Total Violation        0.000ns
---------------------------------------------------------------------------------------------------


Pulse Width Checks
--------------------------------------------------------------------------------------
Clock Name:         ext_clk
Waveform(ns):       { 0.000 10.000 }
Period(ns):         20.000
Sources:            { PIN_EXT_CLK_50MHZ }

Check Type        Corner  Lib Pin            Reference Pin  Required(ns)  Actual(ns)  Slack(ns)  Location  Pin
Min Period        n/a     MMCME2_ADV/CLKIN1  n/a            1.249         20.000      18.751               clk_inst/MMCME2_BASE_inst/CLKIN1
Max Period        n/a     MMCME2_ADV/CLKIN1  n/a            100.000       20.000      80.000               clk_inst/MMCME2_BASE_inst/CLKIN1
Low Pulse Width   Slow    MMCME2_ADV/CLKIN1  n/a            3.000         10.000      7.000                clk_inst/MMCME2_BASE_inst/CLKIN1
High Pulse Width  Slow    MMCME2_ADV/CLKIN1  n/a            3.000         10.000      7.000                clk_inst/MMCME2_BASE_inst/CLKIN1



---------------------------------------------------------------------------------------------------
From Clock:  clkfb_out
  To Clock:  clkfb_out

Setup :           NA  Failing Endpoints,  Worst Slack           NA  ,  Total Violation           NA
Hold  :           NA  Failing Endpoints,  Worst Slack           NA  ,  Total Violation           NA
PW    :            0  Failing Endpoints,  Worst Slack       17.845ns,  Total Violation        0.000ns
---------------------------------------------------------------------------------------------------


Pulse Width Checks
--------------------------------------------------------------------------------------
Clock Name:         clkfb_out
Waveform(ns):       { 0.000 10.000 }
Period(ns):         20.000
Sources:            { clk_inst/MMCME2_BASE_inst/CLKFBOUT }

Check Type  Corner  Lib Pin             Reference Pin  Required(ns)  Actual(ns)  Slack(ns)  Location  Pin
Min Period  n/a     BUFG/I              n/a            2.155         20.000      17.845               clk_inst/BUFG_feedback/I
Max Period  n/a     MMCME2_ADV/CLKFBIN  n/a            100.000       20.000      80.000               clk_inst/MMCME2_BASE_inst/CLKFBIN



---------------------------------------------------------------------------------------------------
From Clock:  sys_clk_raw
  To Clock:  sys_clk_raw

Setup :            0  Failing Endpoints,  Worst Slack        7.227ns,  Total Violation        0.000ns
Hold  :            0  Failing Endpoints,  Worst Slack        0.045ns,  Total Violation        0.000ns
PW    :            0  Failing Endpoints,  Worst Slack        7.000ns,  Total Violation        0.000ns
---------------------------------------------------------------------------------------------------


Max Delay Paths
--------------------------------------------------------------------------------------
Slack (MET) :             7.227ns  (required time - arrival time)
  Source:                 omega_inst/u_prng/FSM_sequential_fsm_reg[1]_rep/C
                            (rising edge-triggered cell FDCE clocked by sys_clk_raw  {rise@0.000ns fall@10.000ns period=20.000ns})
  Destination:            omega_inst/u_prng/xa_reg_reg[0]/D
                            (rising edge-triggered cell FDCE clocked by sys_clk_raw  {rise@0.000ns fall@10.000ns period=20.000ns})
  Path Group:             sys_clk_raw
  Path Type:              Setup (Max at Slow Process Corner)
  Requirement:            20.000ns  (sys_clk_raw rise@20.000ns - sys_clk_raw rise@0.000ns)
  Data Path Delay:        12.578ns  (logic 5.402ns (42.948%)  route 7.176ns (57.052%))
  Logic Levels:           19  (CARRY4=7 LUT3=1 LUT4=4 LUT5=2 LUT6=5)
  Clock Path Skew:        -0.145ns (DCD - SCD + CPR)
    Destination Clock Delay (DCD):    -2.811ns = ( 17.189 - 20.000 ) 
    Source Clock Delay      (SCD):    -2.073ns
    Clock Pessimism Removal (CPR):    0.594ns
  Clock Uncertainty:      0.094ns  ((TSJ^2 + DJ^2)^1/2) / 2 + PE
    Total System Jitter     (TSJ):    0.071ns
    Discrete Jitter          (DJ):    0.175ns
    Phase Error              (PE):    0.000ns

    Location             Delay type                Incr(ns)  Path(ns)    Netlist Resource(s)
  -------------------------------------------------------------------    -------------------
                         (clock sys_clk_raw rise edge)
                                                      0.000     0.000 r  
                                                      0.000     0.000 r  PIN_EXT_CLK_50MHZ (IN)
                         net (fo=0)                   0.000     0.000    clk_inst/PIN_EXT_CLK_50MHZ
                         IBUF (Prop_ibuf_I_O)         0.971     0.971 r  clk_inst/IBUFG_inst/O
                         net (fo=1, unplaced)         0.584     1.555    clk_inst/clk_in_buf
                         MMCME2_ADV (Prop_mmcme2_adv_CLKIN1_CLKOUT0)
                                                     -5.111    -3.556 r  clk_inst/MMCME2_BASE_inst/CLKOUT0
                         net (fo=1, unplaced)         0.803    -2.753    clk_inst/sys_clk_raw
                         BUFG (Prop_bufg_I_O)         0.096    -2.657 r  clk_inst/BUFG_sysclk/O
                         net (fo=3961, unplaced)      0.584    -2.073    omega_inst/u_prng/sys_clk
                         FDCE                                         r  omega_inst/u_prng/FSM_sequential_fsm_reg[1]_rep/C
  -------------------------------------------------------------------    -------------------
                         FDCE (Prop_fdce_C_Q)         0.478    -1.595 r  omega_inst/u_prng/FSM_sequential_fsm_reg[1]_rep/Q
                         net (fo=118, unplaced)       0.867    -0.728    omega_inst/u_prng/FSM_sequential_fsm_reg[1]_rep_n_0
                         LUT5 (Prop_lut5_I2_O)        0.295    -0.433 r  omega_inst/u_prng/temp_a[15]_i_161/O
                         net (fo=1, unplaced)         0.449     0.016    omega_inst/u_prng/temp_a[15]_i_161_n_0
                         LUT6 (Prop_lut6_I5_O)        0.124     0.140 r  omega_inst/u_prng/temp_a[15]_i_153/O
                         net (fo=52, unplaced)        0.815     0.955    omega_inst/u_prng/mul_b_in[8]
                         LUT6 (Prop_lut6_I0_O)        0.124     1.079 r  omega_inst/u_prng/temp_a[3]_i_333/O
                         net (fo=2, unplaced)         0.430     1.509    omega_inst/u_prng/temp_a[3]_i_333_n_0
                         LUT6 (Prop_lut6_I0_O)        0.124     1.633 r  omega_inst/u_prng/temp_a[3]_i_337/O
                         net (fo=1, unplaced)         0.000     1.633    omega_inst/u_prng/temp_a[3]_i_337_n_0
                         CARRY4 (Prop_carry4_S[1]_CO[3])
                                                      0.533     2.166 r  omega_inst/u_prng/temp_a_reg[3]_i_267/CO[3]
                         net (fo=1, unplaced)         0.000     2.166    omega_inst/u_prng/temp_a_reg[3]_i_267_n_0
                         CARRY4 (Prop_carry4_CI_CO[3])
                                                      0.117     2.283 r  omega_inst/u_prng/temp_a_reg[3]_i_179/CO[3]
                         net (fo=1, unplaced)         0.000     2.283    omega_inst/u_prng/temp_a_reg[3]_i_179_n_0
                         CARRY4 (Prop_carry4_CI_O[1])
                                                      0.337     2.620 r  omega_inst/u_prng/temp_a_reg[3]_i_130/O[1]
                         net (fo=2, unplaced)         0.622     3.242    omega_inst/u_prng/temp_a_reg[3]_i_130_n_6
                         LUT3 (Prop_lut3_I1_O)        0.306     3.548 r  omega_inst/u_prng/temp_a[3]_i_68/O
                         net (fo=2, unplaced)         0.460     4.008    omega_inst/u_prng/temp_a[3]_i_68_n_0
                         LUT4 (Prop_lut4_I3_O)        0.124     4.132 r  omega_inst/u_prng/temp_a[3]_i_72/O
                         net (fo=1, unplaced)         0.000     4.132    omega_inst/u_prng/temp_a[3]_i_72_n_0
                         CARRY4 (Prop_carry4_S[1]_CO[3])
                                                      0.533     4.665 r  omega_inst/u_prng/temp_a_reg[3]_i_27/CO[3]
                         net (fo=1, unplaced)         0.000     4.665    omega_inst/u_prng/temp_a_reg[3]_i_27_n_0
                         CARRY4 (Prop_carry4_CI_O[1])
                                                      0.337     5.002 r  omega_inst/u_prng/temp_a_reg[7]_i_19/O[1]
                         net (fo=2, unplaced)         0.323     5.325    omega_inst/u_prng/temp_a_reg[7]_i_19_n_6
                         LUT4 (Prop_lut4_I0_O)        0.298     5.623 r  omega_inst/u_prng/temp_a[3]_i_22/O
                         net (fo=2, unplaced)         0.460     6.083    omega_inst/u_prng/temp_a[3]_i_22_n_0
                         LUT5 (Prop_lut5_I1_O)        0.124     6.207 r  omega_inst/u_prng/temp_a[3]_i_5/O
                         net (fo=2, unplaced)         0.460     6.667    omega_inst/u_prng/temp_a[3]_i_5_n_0
                         LUT6 (Prop_lut6_I0_O)        0.124     6.791 r  omega_inst/u_prng/temp_a[3]_i_9/O
                         net (fo=1, unplaced)         0.000     6.791    omega_inst/u_prng/temp_a[3]_i_9_n_0
                         CARRY4 (Prop_carry4_S[1]_CO[3])
                                                      0.533     7.324 r  omega_inst/u_prng/temp_a_reg[3]_i_1/CO[3]
                         net (fo=1, unplaced)         0.000     7.324    omega_inst/u_prng/temp_a_reg[3]_i_1_n_0
                         CARRY4 (Prop_carry4_CI_O[1])
                                                      0.337     7.661 r  omega_inst/u_prng/temp_a_reg[7]_i_1/O[1]
                         net (fo=5, unplaced)         0.745     8.406    omega_inst/u_prng/mul_out[5]
                         LUT4 (Prop_lut4_I0_O)        0.306     8.712 r  omega_inst/u_prng/xb_reg[23]_i_11/O
                         net (fo=1, unplaced)         0.732     9.444    omega_inst/u_prng/xb_reg[23]_i_11_n_0
                         LUT4 (Prop_lut4_I0_O)        0.124     9.568 f  omega_inst/u_prng/xb_reg[23]_i_4/O
                         net (fo=48, unplaced)        0.813    10.381    omega_inst/u_prng/xb_reg[23]_i_4_n_0
                         LUT6 (Prop_lut6_I1_O)        0.124    10.505 r  omega_inst/u_prng/xa_reg[0]_i_1/O
                         net (fo=1, unplaced)         0.000    10.505    omega_inst/u_prng/p_1_in[0]
                         FDCE                                         r  omega_inst/u_prng/xa_reg_reg[0]/D
  -------------------------------------------------------------------    -------------------

                         (clock sys_clk_raw rise edge)
                                                     20.000    20.000 r  
                                                      0.000    20.000 r  PIN_EXT_CLK_50MHZ (IN)
                         net (fo=0)                   0.000    20.000    clk_inst/PIN_EXT_CLK_50MHZ
                         IBUF (Prop_ibuf_I_O)         0.838    20.838 r  clk_inst/IBUFG_inst/O
                         net (fo=1, unplaced)         0.439    21.277    clk_inst/clk_in_buf
                         MMCME2_ADV (Prop_mmcme2_adv_CLKIN1_CLKOUT0)
                                                     -5.381    15.896 r  clk_inst/MMCME2_BASE_inst/CLKOUT0
                         net (fo=1, unplaced)         0.763    16.659    clk_inst/sys_clk_raw
                         BUFG (Prop_bufg_I_O)         0.091    16.750 r  clk_inst/BUFG_sysclk/O
                         net (fo=3961, unplaced)      0.439    17.189    omega_inst/u_prng/sys_clk
                         FDCE                                         r  omega_inst/u_prng/xa_reg_reg[0]/C
                         clock pessimism              0.594    17.782    
                         clock uncertainty           -0.094    17.688    
                         FDCE (Setup_fdce_C_D)        0.044    17.732    omega_inst/u_prng/xa_reg_reg[0]
  -------------------------------------------------------------------
                         required time                         17.732    
                         arrival time                         -10.505    
  -------------------------------------------------------------------
                         slack                                  7.227    





Min Delay Paths
--------------------------------------------------------------------------------------
Slack (MET) :             0.045ns  (arrival time - required time)
  Source:                 pvt_inst/gen_counters[0].u_counter/sync_ff1_reg/C
                            (rising edge-triggered cell FDCE clocked by sys_clk_raw  {rise@0.000ns fall@10.000ns period=20.000ns})
  Destination:            pvt_inst/gen_counters[0].u_counter/sync_ff2_reg/D
                            (rising edge-triggered cell FDCE clocked by sys_clk_raw  {rise@0.000ns fall@10.000ns period=20.000ns})
  Path Group:             sys_clk_raw
  Path Type:              Hold (Min at Fast Process Corner)
  Requirement:            0.000ns  (sys_clk_raw rise@0.000ns - sys_clk_raw rise@0.000ns)
  Data Path Delay:        0.228ns  (logic 0.147ns (64.493%)  route 0.081ns (35.507%))
  Logic Levels:           0  
  Clock Path Skew:        0.145ns (DCD - SCD - CPR)
    Destination Clock Delay (DCD):    -1.119ns
    Source Clock Delay      (SCD):    -0.985ns
    Clock Pessimism Removal (CPR):    -0.279ns

    Location             Delay type                Incr(ns)  Path(ns)    Netlist Resource(s)
  -------------------------------------------------------------------    -------------------
                         (clock sys_clk_raw rise edge)
                                                      0.000     0.000 r  
                                                      0.000     0.000 r  PIN_EXT_CLK_50MHZ (IN)
                         net (fo=0)                   0.000     0.000    clk_inst/PIN_EXT_CLK_50MHZ
                         IBUF (Prop_ibuf_I_O)         0.200     0.200 r  clk_inst/IBUFG_inst/O
                         net (fo=1, unplaced)         0.114     0.314    clk_inst/clk_in_buf
                         MMCME2_ADV (Prop_mmcme2_adv_CLKIN1_CLKOUT0)
                                                     -1.777    -1.463 r  clk_inst/MMCME2_BASE_inst/CLKOUT0
                         net (fo=1, unplaced)         0.338    -1.125    clk_inst/sys_clk_raw
                         BUFG (Prop_bufg_I_O)         0.026    -1.099 r  clk_inst/BUFG_sysclk/O
                         net (fo=3961, unplaced)      0.114    -0.985    pvt_inst/gen_counters[0].u_counter/sys_clk
                         FDCE                                         r  pvt_inst/gen_counters[0].u_counter/sync_ff1_reg/C
  -------------------------------------------------------------------    -------------------
                         FDCE (Prop_fdce_C_Q)         0.147    -0.838 r  pvt_inst/gen_counters[0].u_counter/sync_ff1_reg/Q
                         net (fo=1, unplaced)         0.081    -0.757    pvt_inst/gen_counters[0].u_counter/sync_ff1
                         FDCE                                         r  pvt_inst/gen_counters[0].u_counter/sync_ff2_reg/D
  -------------------------------------------------------------------    -------------------

                         (clock sys_clk_raw rise edge)
                                                      0.000     0.000 r  
                                                      0.000     0.000 r  PIN_EXT_CLK_50MHZ (IN)
                         net (fo=0)                   0.000     0.000    clk_inst/PIN_EXT_CLK_50MHZ
                         IBUF (Prop_ibuf_I_O)         0.389     0.389 r  clk_inst/IBUFG_inst/O
                         net (fo=1, unplaced)         0.259     0.648    clk_inst/clk_in_buf
                         MMCME2_ADV (Prop_mmcme2_adv_CLKIN1_CLKOUT0)
                                                     -2.411    -1.763 r  clk_inst/MMCME2_BASE_inst/CLKOUT0
                         net (fo=1, unplaced)         0.356    -1.407    clk_inst/sys_clk_raw
                         BUFG (Prop_bufg_I_O)         0.029    -1.378 r  clk_inst/BUFG_sysclk/O
                         net (fo=3961, unplaced)      0.259    -1.119    pvt_inst/gen_counters[0].u_counter/sys_clk
                         FDCE                                         r  pvt_inst/gen_counters[0].u_counter/sync_ff2_reg/C
                         clock pessimism              0.279    -0.840    
                         FDCE (Hold_fdce_C_D)         0.038    -0.802    pvt_inst/gen_counters[0].u_counter/sync_ff2_reg
  -------------------------------------------------------------------
                         required time                          0.802    
                         arrival time                          -0.757    
  -------------------------------------------------------------------
                         slack                                  0.045    





Pulse Width Checks
--------------------------------------------------------------------------------------
Clock Name:         sys_clk_raw
Waveform(ns):       { 0.000 10.000 }
Period(ns):         20.000
Sources:            { clk_inst/MMCME2_BASE_inst/CLKOUT0 }

Check Type        Corner  Lib Pin            Reference Pin  Required(ns)  Actual(ns)  Slack(ns)  Location  Pin
Min Period        n/a     MMCME2_ADV/PSCLK   n/a            2.221         20.000      17.779               omega_inst/u_jitter/u_mmcm/PSCLK
Max Period        n/a     MMCME2_ADV/CLKIN1  n/a            100.000       20.000      80.000               omega_inst/u_jitter/u_mmcm/CLKIN1
Low Pulse Width   Slow    MMCME2_ADV/CLKIN1  n/a            3.000         10.000      7.000                omega_inst/u_jitter/u_mmcm/CLKIN1
High Pulse Width  Slow    MMCME2_ADV/CLKIN1  n/a            3.000         10.000      7.000                omega_inst/u_jitter/u_mmcm/CLKIN1



---------------------------------------------------------------------------------------------------
From Clock:  clkfb_int
  To Clock:  clkfb_int

Setup :           NA  Failing Endpoints,  Worst Slack           NA  ,  Total Violation           NA
Hold  :           NA  Failing Endpoints,  Worst Slack           NA  ,  Total Violation           NA
PW    :            0  Failing Endpoints,  Worst Slack       17.845ns,  Total Violation        0.000ns
---------------------------------------------------------------------------------------------------


Pulse Width Checks
--------------------------------------------------------------------------------------
Clock Name:         clkfb_int
Waveform(ns):       { 0.000 10.000 }
Period(ns):         20.000
Sources:            { omega_inst/u_jitter/u_mmcm/CLKFBOUT }

Check Type  Corner  Lib Pin             Reference Pin  Required(ns)  Actual(ns)  Slack(ns)  Location  Pin
Min Period  n/a     BUFG/I              n/a            2.155         20.000      17.845               omega_inst/u_jitter/u_fb_buf/I
Max Period  n/a     MMCME2_ADV/CLKFBIN  n/a            100.000       20.000      80.000               omega_inst/u_jitter/u_mmcm/CLKFBIN



---------------------------------------------------------------------------------------------------
From Clock:  clkout0_int
  To Clock:  clkout0_int

Setup :           NA  Failing Endpoints,  Worst Slack           NA  ,  Total Violation           NA
Hold  :           NA  Failing Endpoints,  Worst Slack           NA  ,  Total Violation           NA
PW    :            0  Failing Endpoints,  Worst Slack       17.845ns,  Total Violation        0.000ns
---------------------------------------------------------------------------------------------------


Pulse Width Checks
--------------------------------------------------------------------------------------
Clock Name:         clkout0_int
Waveform(ns):       { 0.000 10.000 }
Period(ns):         20.000
Sources:            { omega_inst/u_jitter/u_mmcm/CLKOUT0 }

Check Type  Corner  Lib Pin             Reference Pin  Required(ns)  Actual(ns)  Slack(ns)  Location  Pin
Min Period  n/a     BUFG/I              n/a            2.155         20.000      17.845               omega_inst/u_jitter/u_jit_buf/I
Max Period  n/a     MMCME2_ADV/CLKOUT0  n/a            213.360       20.000      193.360              omega_inst/u_jitter/u_mmcm/CLKOUT0



---------------------------------------------------------------------------------------------------
From Clock:  clkout1_int
  To Clock:  clkout1_int

Setup :           NA  Failing Endpoints,  Worst Slack           NA  ,  Total Violation           NA
Hold  :           NA  Failing Endpoints,  Worst Slack           NA  ,  Total Violation           NA
PW    :            0  Failing Endpoints,  Worst Slack       17.845ns,  Total Violation        0.000ns
---------------------------------------------------------------------------------------------------


Pulse Width Checks
--------------------------------------------------------------------------------------
Clock Name:         clkout1_int
Waveform(ns):       { 0.000 10.000 }
Period(ns):         20.000
Sources:            { omega_inst/u_jitter/u_mmcm/CLKOUT1 }

Check Type  Corner  Lib Pin             Reference Pin  Required(ns)  Actual(ns)  Slack(ns)  Location  Pin
Min Period  n/a     BUFG/I              n/a            2.155         20.000      17.845               omega_inst/u_jitter/u_sys_buf/I
Max Period  n/a     MMCME2_ADV/CLKOUT1  n/a            213.360       20.000      193.360              omega_inst/u_jitter/u_mmcm/CLKOUT1



---------------------------------------------------------------------------------------------------
Path Group:  **async_default**
From Clock:  sys_clk_raw
  To Clock:  sys_clk_raw

Setup :            0  Failing Endpoints,  Worst Slack       15.898ns,  Total Violation        0.000ns
Hold  :            0  Failing Endpoints,  Worst Slack        0.347ns,  Total Violation        0.000ns
---------------------------------------------------------------------------------------------------


Max Delay Paths
--------------------------------------------------------------------------------------
Slack (MET) :             15.898ns  (required time - arrival time)
  Source:                 pvt_inst/gen_counters[1].u_counter/alert_latch_reg/C
                            (rising edge-triggered cell FDCE clocked by sys_clk_raw  {rise@0.000ns fall@10.000ns period=20.000ns})
  Destination:            kill_inst/led_status_red_reg/PRE
                            (recovery check against rising-edge clock sys_clk_raw  {rise@0.000ns fall@10.000ns period=20.000ns})
  Path Group:             **async_default**
  Path Type:              Recovery (Max at Slow Process Corner)
  Requirement:            20.000ns  (sys_clk_raw rise@20.000ns - sys_clk_raw rise@0.000ns)
  Data Path Delay:        3.469ns  (logic 1.021ns (29.432%)  route 2.448ns (70.568%))
  Logic Levels:           3  (LUT2=1 LUT5=1 LUT6=1)
  Clock Path Skew:        -0.145ns (DCD - SCD + CPR)
    Destination Clock Delay (DCD):    -2.811ns = ( 17.189 - 20.000 ) 
    Source Clock Delay      (SCD):    -2.073ns
    Clock Pessimism Removal (CPR):    0.594ns
  Clock Uncertainty:      0.094ns  ((TSJ^2 + DJ^2)^1/2) / 2 + PE
    Total System Jitter     (TSJ):    0.071ns
    Discrete Jitter          (DJ):    0.175ns
    Phase Error              (PE):    0.000ns

    Location             Delay type                Incr(ns)  Path(ns)    Netlist Resource(s)
  -------------------------------------------------------------------    -------------------
                         (clock sys_clk_raw rise edge)
                                                      0.000     0.000 r  
                                                      0.000     0.000 r  PIN_EXT_CLK_50MHZ (IN)
                         net (fo=0)                   0.000     0.000    clk_inst/PIN_EXT_CLK_50MHZ
                         IBUF (Prop_ibuf_I_O)         0.971     0.971 r  clk_inst/IBUFG_inst/O
                         net (fo=1, unplaced)         0.584     1.555    clk_inst/clk_in_buf
                         MMCME2_ADV (Prop_mmcme2_adv_CLKIN1_CLKOUT0)
                                                     -5.111    -3.556 r  clk_inst/MMCME2_BASE_inst/CLKOUT0
                         net (fo=1, unplaced)         0.803    -2.753    clk_inst/sys_clk_raw
                         BUFG (Prop_bufg_I_O)         0.096    -2.657 r  clk_inst/BUFG_sysclk/O
                         net (fo=3961, unplaced)      0.584    -2.073    pvt_inst/gen_counters[1].u_counter/sys_clk
                         FDCE                                         r  pvt_inst/gen_counters[1].u_counter/alert_latch_reg/C
  -------------------------------------------------------------------    -------------------
                         FDCE (Prop_fdce_C_Q)         0.478    -1.595 f  pvt_inst/gen_counters[1].u_counter/alert_latch_reg/Q
                         net (fo=2, unplaced)         0.774    -0.821    pvt_inst/gen_counters[2].u_counter/key_latched_reg[0]
                         LUT5 (Prop_lut5_I2_O)        0.295    -0.526 f  pvt_inst/gen_counters[2].u_counter/key_latched[255]_i_2/O
                         net (fo=1, unplaced)         0.449    -0.077    supervisor_inst/key_latched_reg[0]
                         LUT6 (Prop_lut6_I2_O)        0.124     0.047 f  supervisor_inst/key_latched[255]_i_1/O
                         net (fo=2436, unplaced)      0.589     0.636    supervisor_inst/kill_signal
                         LUT2 (Prop_lut2_I0_O)        0.124     0.760 f  supervisor_inst/kill_active_inferred_i_1/O
                         net (fo=5, unplaced)         0.636     1.396    kill_inst/kill_active
                         FDPE                                         f  kill_inst/led_status_red_reg/PRE
  -------------------------------------------------------------------    -------------------

                         (clock sys_clk_raw rise edge)
                                                     20.000    20.000 r  
                                                      0.000    20.000 r  PIN_EXT_CLK_50MHZ (IN)
                         net (fo=0)                   0.000    20.000    clk_inst/PIN_EXT_CLK_50MHZ
                         IBUF (Prop_ibuf_I_O)         0.838    20.838 r  clk_inst/IBUFG_inst/O
                         net (fo=1, unplaced)         0.439    21.277    clk_inst/clk_in_buf
                         MMCME2_ADV (Prop_mmcme2_adv_CLKIN1_CLKOUT0)
                                                     -5.381    15.896 r  clk_inst/MMCME2_BASE_inst/CLKOUT0
                         net (fo=1, unplaced)         0.763    16.659    clk_inst/sys_clk_raw
                         BUFG (Prop_bufg_I_O)         0.091    16.750 r  clk_inst/BUFG_sysclk/O
                         net (fo=3961, unplaced)      0.439    17.189    kill_inst/clk
                         FDPE                                         r  kill_inst/led_status_red_reg/C
                         clock pessimism              0.594    17.782    
                         clock uncertainty           -0.094    17.688    
                         FDPE (Recov_fdpe_C_PRE)     -0.394    17.294    kill_inst/led_status_red_reg
  -------------------------------------------------------------------
                         required time                         17.294    
                         arrival time                          -1.396    
  -------------------------------------------------------------------
                         slack                                 15.898    





Min Delay Paths
--------------------------------------------------------------------------------------
Slack (MET) :             0.347ns  (arrival time - required time)
  Source:                 supervisor_inst/global_rst_reg/C
                            (rising edge-triggered cell FDRE clocked by sys_clk_raw  {rise@0.000ns fall@10.000ns period=20.000ns})
  Destination:            aegis_inst/FSM_onehot_pipe_state_reg[1]/CLR
                            (removal check against rising-edge clock sys_clk_raw  {rise@0.000ns fall@10.000ns period=20.000ns})
  Path Group:             **async_default**
  Path Type:              Removal (Min at Fast Process Corner)
  Requirement:            0.000ns  (sys_clk_raw rise@0.000ns - sys_clk_raw rise@0.000ns)
  Data Path Delay:        0.351ns  (logic 0.147ns (41.929%)  route 0.204ns (58.071%))
  Logic Levels:           0  
  Clock Path Skew:        0.145ns (DCD - SCD - CPR)
    Destination Clock Delay (DCD):    -1.119ns
    Source Clock Delay      (SCD):    -0.985ns
    Clock Pessimism Removal (CPR):    -0.279ns

    Location             Delay type                Incr(ns)  Path(ns)    Netlist Resource(s)
  -------------------------------------------------------------------    -------------------
                         (clock sys_clk_raw rise edge)
                                                      0.000     0.000 r  
                                                      0.000     0.000 r  PIN_EXT_CLK_50MHZ (IN)
                         net (fo=0)                   0.000     0.000    clk_inst/PIN_EXT_CLK_50MHZ
                         IBUF (Prop_ibuf_I_O)         0.200     0.200 r  clk_inst/IBUFG_inst/O
                         net (fo=1, unplaced)         0.114     0.314    clk_inst/clk_in_buf
                         MMCME2_ADV (Prop_mmcme2_adv_CLKIN1_CLKOUT0)
                                                     -1.777    -1.463 r  clk_inst/MMCME2_BASE_inst/CLKOUT0
                         net (fo=1, unplaced)         0.338    -1.125    clk_inst/sys_clk_raw
                         BUFG (Prop_bufg_I_O)         0.026    -1.099 r  clk_inst/BUFG_sysclk/O
                         net (fo=3961, unplaced)      0.114    -0.985    supervisor_inst/sys_clk
                         FDRE                                         r  supervisor_inst/global_rst_reg/C
  -------------------------------------------------------------------    -------------------
                         FDRE (Prop_fdre_C_Q)         0.147    -0.838 f  supervisor_inst/global_rst_reg/Q
                         net (fo=894, unplaced)       0.204    -0.634    aegis_inst/global_rst
                         FDCE                                         f  aegis_inst/FSM_onehot_pipe_state_reg[1]/CLR
  -------------------------------------------------------------------    -------------------

                         (clock sys_clk_raw rise edge)
                                                      0.000     0.000 r  
                                                      0.000     0.000 r  PIN_EXT_CLK_50MHZ (IN)
                         net (fo=0)                   0.000     0.000    clk_inst/PIN_EXT_CLK_50MHZ
                         IBUF (Prop_ibuf_I_O)         0.389     0.389 r  clk_inst/IBUFG_inst/O
                         net (fo=1, unplaced)         0.259     0.648    clk_inst/clk_in_buf
                         MMCME2_ADV (Prop_mmcme2_adv_CLKIN1_CLKOUT0)
                                                     -2.411    -1.763 r  clk_inst/MMCME2_BASE_inst/CLKOUT0
                         net (fo=1, unplaced)         0.356    -1.407    clk_inst/sys_clk_raw
                         BUFG (Prop_bufg_I_O)         0.029    -1.378 r  clk_inst/BUFG_sysclk/O
                         net (fo=3961, unplaced)      0.259    -1.119    aegis_inst/sys_clk
                         FDCE                                         r  aegis_inst/FSM_onehot_pipe_state_reg[1]/C
                         clock pessimism              0.279    -0.840    
                         FDCE (Remov_fdce_C_CLR)     -0.141    -0.981    aegis_inst/FSM_onehot_pipe_state_reg[1]
  -------------------------------------------------------------------
                         required time                          0.981    
                         arrival time                          -0.634    
  -------------------------------------------------------------------
                         slack                                  0.347    





